// Vitest Snapshot v1, https://vitest.dev/guide/snapshot.html

exports[`control topology for a Flow with Steps > keeps the geometry of the shipped refund graph collapsed lr 1`] = `
{
  "boxes": [
    "step:agenticReceiveRequest 34,451 250x62",
    "step:agenticDecision 352,451 250x62",
    "step:agenticCheckIdentity 670,163 250x62",
    "step:agenticCheckIncidents 670,259 250x62",
    "step:agenticGetPayment 670,355 250x62",
    "step:agenticGetSubscription 670,451 250x62",
    "step:agenticGetSupportHistory 670,547 250x62",
    "step:agenticGetUsage 670,643 250x62",
    "step:agenticGuardrail 670,845.25 250x62",
    "step:agenticRequestHumanApproval 976,845.25 250x62",
    "step:agenticReCheck 1270,845.25 250x62",
    "step:agenticAuditIntent 1588,873.5 250x62",
    "step:agenticIssueRefund 1882,817 250x79",
    "step:agenticOfferAccountCredit 1882,930 250x62",
    "step:agenticVerifyBilling 2176,817 250x79",
    "step:agenticApplySubscription 2470,817 250x62",
    "step:agenticPrepareCustomerMessage 2764,817 250x62",
    "step:GenerateCustomerMessageStep 3058,817 250x62",
    "step:agenticStoreGeneratedCustomerMessage 3352,769 250x62",
    "step:agenticUseFallbackCustomerMessage 3352,865 250x62",
    "step:agenticConfirmCustomerMessage 3646,769 250x62",
    "step:agenticSendCustomerMessage 3940,769 250x62",
    "step:agenticCloseCase 4258,769 250x62",
    "step:agenticNotARefund 34,1050 250x62",
    "step:agenticNonConvergence 352,1050 250x62",
    "step:agenticBillingFailed 1955.5,1050 250x62",
    "step:agenticSubscriptionFailed 2470,1050 250x62",
    "step:agenticEmailFailed 3940,1050 250x62",
    "rpc:ApproveRefund 1022,63 158x60",
    "rpc:ConfirmCustomerMessage 3692,63 158x60",
    "rpc:EditCustomerMessage 3860,63 158x60",
    "rpc:RejectRefund 1190,63 158x60",
  ],
  "size": "4568x1171",
}
`;

exports[`control topology for a Flow with Steps > keeps the geometry of the shipped refund graph collapsed tb 1`] = `
{
  "boxes": [
    "step:agenticReceiveRequest 1092,64 250x62",
    "step:agenticDecision 1092,212 250x62",
    "step:agenticCheckIdentity 240,360 250x62",
    "step:agenticCheckIncidents 524,360 250x62",
    "step:agenticGetPayment 808,360 250x62",
    "step:agenticGetSubscription 1092,360 250x62",
    "step:agenticGetSupportHistory 1376,360 250x62",
    "step:agenticGetUsage 1660,360 250x62",
    "step:agenticGuardrail 2228,360 250x62",
    "step:agenticRequestHumanApproval 2228,478 250x62",
    "step:agenticReCheck 2228,584 250x62",
    "step:agenticAuditIntent 2299,732 250x62",
    "step:agenticIssueRefund 2157,838 250x79",
    "step:agenticOfferAccountCredit 2441,838 250x62",
    "step:agenticVerifyBilling 2157,961 250x79",
    "step:agenticApplySubscription 2157,1084 250x62",
    "step:agenticPrepareCustomerMessage 2157,1190 250x62",
    "step:GenerateCustomerMessageStep 2157,1296 250x62",
    "step:agenticStoreGeneratedCustomerMessage 2015,1402 250x62",
    "step:agenticUseFallbackCustomerMessage 2299,1402 250x62",
    "step:agenticConfirmCustomerMessage 2015,1508 250x62",
    "step:agenticSendCustomerMessage 2015,1614 250x62",
    "step:agenticCloseCase 2015,1762 250x62",
    "step:agenticNotARefund 2749,64 250x62",
    "step:agenticNonConvergence 2749,212 250x62",
    "step:agenticBillingFailed 2749,875.125 250x62",
    "step:agenticSubscriptionFailed 2749,1084 250x62",
    "step:agenticEmailFailed 2749,1614 250x62",
    "rpc:ApproveRefund 20,486 158x46",
    "rpc:ConfirmCustomerMessage 20,1516 158x46",
    "rpc:EditCustomerMessage 20,1572 158x46",
    "rpc:RejectRefund 20,542 158x46",
  ],
  "size": "3058x1884",
}
`;

exports[`control topology for a Flow with Steps > keeps the geometry of the shipped refund graph expanded lr 1`] = `
{
  "boxes": [
    "step:agenticReceiveRequest 34,586 250x127",
    "step:agenticDecision 352,586 250x247",
    "step:agenticCheckIdentity 670,163 250x107",
    "step:agenticCheckIncidents 670,304 250x107",
    "step:agenticGetPayment 670,445 250x107",
    "step:agenticGetSubscription 670,586 250x107",
    "step:agenticGetSupportHistory 670,727 250x107",
    "step:agenticGetUsage 670,868 250x107",
    "step:agenticGuardrail 670,1171 250x127",
    "step:agenticRequestHumanApproval 976,1171 250x195",
    "step:agenticReCheck 1270,1171 250x127",
    "step:agenticAuditIntent 1588,1221.25 250x127",
    "step:agenticIssueRefund 1882,1120.75 250x167",
    "step:agenticOfferAccountCredit 1882,1321.75 250x127",
    "step:agenticVerifyBilling 2176,1120.75 250x167",
    "step:agenticApplySubscription 2470,1120.75 250x107",
    "step:agenticPrepareCustomerMessage 2764,1120.75 250x127",
    "step:GenerateCustomerMessageStep 3058,1120.75 250x62",
    "step:agenticStoreGeneratedCustomerMessage 3352,1050.25 250x107",
    "step:agenticUseFallbackCustomerMessage 3352,1191.25 250x107",
    "step:agenticConfirmCustomerMessage 3646,1050.25 250x195",
    "step:agenticSendCustomerMessage 3940,1050.25 250x107",
    "step:agenticCloseCase 4258,1050.25 250x107",
    "step:agenticNotARefund 34,1506.75 250x107",
    "step:agenticNonConvergence 352,1506.75 250x107",
    "step:agenticBillingFailed 1955.5,1506.75 250x107",
    "step:agenticSubscriptionFailed 2470,1506.75 250x107",
    "step:agenticEmailFailed 3940,1506.75 250x107",
    "rpc:ApproveRefund 1022,63 158x60",
    "rpc:ConfirmCustomerMessage 3692,63 158x60",
    "rpc:EditCustomerMessage 3860,63 158x60",
    "rpc:RejectRefund 1190,63 158x60",
  ],
  "size": "4568x1672.75",
}
`;

exports[`control topology for a Flow with Steps > keeps the geometry of the shipped refund graph expanded tb 1`] = `
{
  "boxes": [
    "step:agenticReceiveRequest 1092,64 250x127",
    "step:agenticDecision 1092,277 250x247",
    "step:agenticCheckIdentity 240,610 250x107",
    "step:agenticCheckIncidents 524,610 250x107",
    "step:agenticGetPayment 808,610 250x107",
    "step:agenticGetSubscription 1092,610 250x107",
    "step:agenticGetSupportHistory 1376,610 250x107",
    "step:agenticGetUsage 1660,610 250x107",
    "step:agenticGuardrail 2228,610 250x127",
    "step:agenticRequestHumanApproval 2228,793 250x195",
    "step:agenticReCheck 2228,1032 250x127",
    "step:agenticAuditIntent 2299,1245 250x127",
    "step:agenticIssueRefund 2157,1416 250x167",
    "step:agenticOfferAccountCredit 2441,1416 250x127",
    "step:agenticVerifyBilling 2157,1627 250x167",
    "step:agenticApplySubscription 2157,1838 250x107",
    "step:agenticPrepareCustomerMessage 2157,1989 250x127",
    "step:GenerateCustomerMessageStep 2157,2160 250x62",
    "step:agenticStoreGeneratedCustomerMessage 2015,2266 250x107",
    "step:agenticUseFallbackCustomerMessage 2299,2266 250x107",
    "step:agenticConfirmCustomerMessage 2015,2417 250x195",
    "step:agenticSendCustomerMessage 2015,2656 250x107",
    "step:agenticCloseCase 2015,2849 250x107",
    "step:agenticNotARefund 2749,74 250x107",
    "step:agenticNonConvergence 2749,347 250x107",
    "step:agenticBillingFailed 2749,1493.75 250x107",
    "step:agenticSubscriptionFailed 2749,1838 250x107",
    "step:agenticEmailFailed 2749,2656 250x107",
    "rpc:ApproveRefund 20,867.5 158x46",
    "rpc:ConfirmCustomerMessage 20,2491.5 158x46",
    "rpc:EditCustomerMessage 20,2547.5 158x46",
    "rpc:RejectRefund 20,923.5 158x46",
  ],
  "size": "3058x3016",
}
`;
